******************************************************************************
            TI ARM Clang Linker PC v2.1.3                      
******************************************************************************
>> Linked Thu Apr 20 20:48:33 2023

OUTPUT FILE NAME:   <UART.out>
ENTRY POINT SYMBOL: "_c_int00_noinit_noargs"  address: 0000021d


MEMORY CONFIGURATION

         name            origin    length      used     unused   attr    fill
----------------------  --------  ---------  --------  --------  ----  --------
  FLASH                 00000000   0000fff8  000002b0  0000fd48  R  X
  SRAM                  20000000   00001000  00000100  00000f00  RW X
  BCR_CONFIG            41c00000   00000080  00000000  00000080  R   
  BSL_CONFIG            41c00100   00000080  00000000  00000080  R   


SEGMENT ALLOCATION MAP

run origin  load origin   length   init length attrs members
----------  ----------- ---------- ----------- ----- -------
00000000    00000000    000002b0   000002b0    r-x
  00000000    00000000    000000c0   000000c0    r-- .intvecs
  000000c0    000000c0    000001e0   000001e0    r-x .text
  000002a0    000002a0    00000010   00000010    r-- .rodata
20000f00    20000f00    00000100   00000000    rw-
  20000f00    20000f00    00000100   00000000    rw- .stack


SECTION ALLOCATION MAP

 output                                  attributes/
section   page    origin      length       input sections
--------  ----  ----------  ----------   ----------------
.intvecs   0    00000000    000000c0     
                  00000000    000000c0     startup_mspm0l1306_ticlang.o (.intvecs)

.text      0    000000c0    000001e0     
                  000000c0    00000074     ti_msp_dl_config.o (.text.SYSCFG_DL_UART_0_init)
                  00000134    0000004c     driverlib.a : dl_uart.o (.text.DL_UART_init)
                  00000180    0000002c     ti_msp_dl_config.o (.text.SYSCFG_DL_initPower)
                  000001ac    00000028     driverlib.a : dl_uart.o (.text.DL_Common_updateReg)
                  000001d4    00000024                 : dl_uart.o (.text.DL_UART_setClockConfig)
                  000001f8    00000024     ti_msp_dl_config.o (.text.SYSCFG_DL_SYSCTL_init)
                  0000021c    00000020     libc.a : boot_cortex_m.c.obj (.text:_c_int00_noinit_noargs)
                  0000023c    00000016     driverlib.a : dl_uart.o (.text.DL_UART_disable)
                  00000252    00000002     startup_mspm0l1306_ticlang.o (.text.Default_Handler)
                  00000254    00000014     ti_msp_dl_config.o (.text.SYSCFG_DL_GPIO_init)
                  00000268    00000014     ti_msp_dl_config.o (.text.SYSCFG_DL_init)
                  0000027c    00000010     driverlib.a : dl_common.o (.text.DL_Common_delayCycles)
                  0000028c    00000006     empty.o (.text.main)
                  00000292    00000004     startup_mspm0l1306_ticlang.o (.text.Reset_Handler)
                  00000296    00000004     libc.a : pre_init.c.obj (.text._system_pre_init)
                  0000029a    00000004            : exit.c.obj (.text:abort)
                  0000029e    00000002     --HOLE-- [fill = 0]

.cinit     0    00000000    00000000     

.rodata    0    000002a0    00000010     
                  000002a0    0000000a     ti_msp_dl_config.o (.rodata.gUART_0Config)
                  000002aa    00000002     ti_msp_dl_config.o (.rodata.gUART_0ClockConfig)
                  000002ac    00000004     --HOLE-- [fill = 0]

.init_array 
*          0    00000000    00000000     UNINITIALIZED

.binit     0    00000000    00000000     

.stack     0    20000f00    00000100     UNINITIALIZED
                  20000f00    00000004     libc.a : boot_cortex_m.c.obj (.stack)
                  20000f04    000000fc     --HOLE--

__llvm_prf_cnts 
*          0    20000000    00000000     UNINITIALIZED

__llvm_prf_bits 
*          0    20000000    00000000     UNINITIALIZED

MODULE SUMMARY

       Module                         code   ro data   rw data
       ------                         ----   -------   -------
    .\
       empty.o                        6      0         0      
    +--+------------------------------+------+---------+---------+
       Total:                         6      0         0      
                                                              
    .\syscfg\
       ti_msp_dl_config.o             236    12        0      
    +--+------------------------------+------+---------+---------+
       Total:                         236    12        0      
                                                              
    .\ticlang\
       startup_mspm0l1306_ticlang.o   6      192       0      
    +--+------------------------------+------+---------+---------+
       Total:                         6      192       0      
                                                              
    C:/ti/mspm0_sdk_1_00_00_04/source/ti/driverlib/lib/ticlang/m0p/mspm0l11xx_l13xx/driverlib.a
       dl_uart.o                      174    0         0      
       dl_common.o                    16     0         0      
    +--+------------------------------+------+---------+---------+
       Total:                         190    0         0      
                                                              
    E:\ti\ccs1230\ccs\tools\compiler\ti-cgt-armllvm_2.1.3.LTS\lib\armv6m-ti-none-eabi/c/libc.a
       boot_cortex_m.c.obj            32     0         0      
       exit.c.obj                     4      0         0      
       pre_init.c.obj                 4      0         0      
    +--+------------------------------+------+---------+---------+
       Total:                         40     0         0      
                                                              
       Stack:                         0      0         256    
    +--+------------------------------+------+---------+---------+
       Grand Total:                   478    204       256    


GLOBAL SYMBOLS: SORTED ALPHABETICALLY BY Name 

address   name                   
-------   ----                   
00000253  ADC0_IRQHandler        
0000029a  C$$EXIT                
0000027d  DL_Common_delayCycles  
00000135  DL_UART_init           
000001d5  DL_UART_setClockConfig 
00000253  DMA_IRQHandler         
00000253  Default_Handler        
00000253  GROUP0_IRQHandler      
00000253  GROUP1_IRQHandler      
00000253  HardFault_Handler      
00000253  I2C0_IRQHandler        
00000253  I2C1_IRQHandler        
00000253  NMI_Handler            
00000253  PendSV_Handler         
00000293  Reset_Handler          
00000253  SPI0_IRQHandler        
00000253  SVC_Handler            
00000255  SYSCFG_DL_GPIO_init    
000001f9  SYSCFG_DL_SYSCTL_init  
000000c1  SYSCFG_DL_UART_0_init  
00000269  SYSCFG_DL_init         
00000181  SYSCFG_DL_initPower    
00000253  SysTick_Handler        
00000253  TIMG0_IRQHandler       
00000253  TIMG1_IRQHandler       
00000253  TIMG2_IRQHandler       
00000253  TIMG4_IRQHandler       
00000253  UART0_IRQHandler       
00000253  UART1_IRQHandler       
20001000  __STACK_END            
00000100  __STACK_SIZE           
00000000  __TI_CINIT_Base        
00000000  __TI_CINIT_Limit       
00000000  __TI_CINIT_Warm        
ffffffff  __TI_pprof_out_hndl    
ffffffff  __TI_prof_data_size    
ffffffff  __TI_prof_data_start   
00000000  __TI_static_base__     
ffffffff  __binit__              
UNDEFED   __mpu_init             
20000f00  __stack                
20000000  __start___llvm_prf_bits
20000000  __start___llvm_prf_cnts
20000000  __stop___llvm_prf_bits 
20000000  __stop___llvm_prf_cnts 
0000021d  _c_int00_noinit_noargs 
00000297  _system_pre_init       
0000029b  abort                  
ffffffff  binit                  
00000000  interruptVectors       
0000028d  main                   


GLOBAL SYMBOLS: SORTED BY Symbol Address 

address   name                   
-------   ----                   
00000000  __TI_CINIT_Base        
00000000  __TI_CINIT_Limit       
00000000  __TI_CINIT_Warm        
00000000  __TI_static_base__     
00000000  interruptVectors       
000000c1  SYSCFG_DL_UART_0_init  
00000100  __STACK_SIZE           
00000135  DL_UART_init           
00000181  SYSCFG_DL_initPower    
000001d5  DL_UART_setClockConfig 
000001f9  SYSCFG_DL_SYSCTL_init  
0000021d  _c_int00_noinit_noargs 
00000253  ADC0_IRQHandler        
00000253  DMA_IRQHandler         
00000253  Default_Handler        
00000253  GROUP0_IRQHandler      
00000253  GROUP1_IRQHandler      
00000253  HardFault_Handler      
00000253  I2C0_IRQHandler        
00000253  I2C1_IRQHandler        
00000253  NMI_Handler            
00000253  PendSV_Handler         
00000253  SPI0_IRQHandler        
00000253  SVC_Handler            
00000253  SysTick_Handler        
00000253  TIMG0_IRQHandler       
00000253  TIMG1_IRQHandler       
00000253  TIMG2_IRQHandler       
00000253  TIMG4_IRQHandler       
00000253  UART0_IRQHandler       
00000253  UART1_IRQHandler       
00000255  SYSCFG_DL_GPIO_init    
00000269  SYSCFG_DL_init         
0000027d  DL_Common_delayCycles  
0000028d  main                   
00000293  Reset_Handler          
00000297  _system_pre_init       
0000029a  C$$EXIT                
0000029b  abort                  
20000000  __start___llvm_prf_bits
20000000  __start___llvm_prf_cnts
20000000  __stop___llvm_prf_bits 
20000000  __stop___llvm_prf_cnts 
20000f00  __stack                
20001000  __STACK_END            
ffffffff  __TI_pprof_out_hndl    
ffffffff  __TI_prof_data_size    
ffffffff  __TI_prof_data_start   
ffffffff  __binit__              
ffffffff  binit                  
UNDEFED   __mpu_init             

[51 symbols]
