******************************************************************************
            TI ARM Clang Linker PC v2.1.3                      
******************************************************************************
>> Linked Thu Apr 20 19:00:43 2023

OUTPUT FILE NAME:   <LED.out>
ENTRY POINT SYMBOL: "_c_int00_noinit_noargs"  address: 00000151


MEMORY CONFIGURATION

         name            origin    length      used     unused   attr    fill
----------------------  --------  ---------  --------  --------  ----  --------
  FLASH                 00000000   0000fff8  000001a0  0000fe58  R  X
  SRAM                  20000000   00001000  00000100  00000f00  RW X
  BCR_CONFIG            41c00000   00000080  00000000  00000080  R   
  BSL_CONFIG            41c00100   00000080  00000000  00000080  R   


SEGMENT ALLOCATION MAP

run origin  load origin   length   init length attrs members
----------  ----------- ---------- ----------- ----- -------
00000000    00000000    000001a0   000001a0    r-x
  00000000    00000000    000000c0   000000c0    r-- .intvecs
  000000c0    000000c0    000000e0   000000e0    r-x .text
20000f00    20000f00    00000100   00000000    rw-
  20000f00    20000f00    00000100   00000000    rw- .stack


SECTION ALLOCATION MAP

 output                                  attributes/
section   page    origin      length       input sections
--------  ----  ----------  ----------   ----------------
.intvecs   0    00000000    000000c0     
                  00000000    000000c0     startup_mspm0l1306_ticlang.o (.intvecs)

.text      0    000000c0    000000e0     
                  000000c0    0000002c     empty.o (.text.main)
                  000000ec    00000024     ti_msp_dl_config.o (.text.SYSCFG_DL_SYSCTL_init)
                  00000110    00000020     ti_msp_dl_config.o (.text.SYSCFG_DL_GPIO_init)
                  00000130    00000020     ti_msp_dl_config.o (.text.SYSCFG_DL_initPower)
                  00000150    00000020     libc.a : boot_cortex_m.c.obj (.text:_c_int00_noinit_noargs)
                  00000170    00000010     driverlib.a : dl_common.o (.text.DL_Common_delayCycles)
                  00000180    00000010     ti_msp_dl_config.o (.text.SYSCFG_DL_init)
                  00000190    00000004     startup_mspm0l1306_ticlang.o (.text.Reset_Handler)
                  00000194    00000004     libc.a : pre_init.c.obj (.text._system_pre_init)
                  00000198    00000004            : exit.c.obj (.text:abort)
                  0000019c    00000002     startup_mspm0l1306_ticlang.o (.text.Default_Handler)
                  0000019e    00000002     --HOLE-- [fill = 0]

.cinit     0    00000000    00000000     

.init_array 
*          0    00000000    00000000     UNINITIALIZED

.binit     0    00000000    00000000     

.stack     0    20000f00    00000100     UNINITIALIZED
                  20000f00    00000004     libc.a : boot_cortex_m.c.obj (.stack)
                  20000f04    000000fc     --HOLE--

__llvm_prf_cnts 
*          0    20000000    00000000     UNINITIALIZED

__llvm_prf_bits 
*          0    20000000    00000000     UNINITIALIZED

MODULE SUMMARY

       Module                         code   ro data   rw data
       ------                         ----   -------   -------
    .\
       empty.o                        44     0         0      
    +--+------------------------------+------+---------+---------+
       Total:                         44     0         0      
                                                              
    .\syscfg\
       ti_msp_dl_config.o             116    0         0      
    +--+------------------------------+------+---------+---------+
       Total:                         116    0         0      
                                                              
    .\ticlang\
       startup_mspm0l1306_ticlang.o   6      192       0      
    +--+------------------------------+------+---------+---------+
       Total:                         6      192       0      
                                                              
    C:/ti/mspm0_sdk_1_00_00_04/source/ti/driverlib/lib/ticlang/m0p/mspm0l11xx_l13xx/driverlib.a
       dl_common.o                    16     0         0      
    +--+------------------------------+------+---------+---------+
       Total:                         16     0         0      
                                                              
    E:\ti\ccs1230\ccs\tools\compiler\ti-cgt-armllvm_2.1.3.LTS\lib\armv6m-ti-none-eabi/c/libc.a
       boot_cortex_m.c.obj            32     0         0      
       exit.c.obj                     4      0         0      
       pre_init.c.obj                 4      0         0      
    +--+------------------------------+------+---------+---------+
       Total:                         40     0         0      
                                                              
       Stack:                         0      0         256    
    +--+------------------------------+------+---------+---------+
       Grand Total:                   222    192       256    


GLOBAL SYMBOLS: SORTED ALPHABETICALLY BY Name 

address   name                   
-------   ----                   
0000019d  ADC0_IRQHandler        
00000198  C$$EXIT                
00000171  DL_Common_delayCycles  
0000019d  DMA_IRQHandler         
0000019d  Default_Handler        
0000019d  GROUP0_IRQHandler      
0000019d  GROUP1_IRQHandler      
0000019d  HardFault_Handler      
0000019d  I2C0_IRQHandler        
0000019d  I2C1_IRQHandler        
0000019d  NMI_Handler            
0000019d  PendSV_Handler         
00000191  Reset_Handler          
0000019d  SPI0_IRQHandler        
0000019d  SVC_Handler            
00000111  SYSCFG_DL_GPIO_init    
000000ed  SYSCFG_DL_SYSCTL_init  
00000181  SYSCFG_DL_init         
00000131  SYSCFG_DL_initPower    
0000019d  SysTick_Handler        
0000019d  TIMG0_IRQHandler       
0000019d  TIMG1_IRQHandler       
0000019d  TIMG2_IRQHandler       
0000019d  TIMG4_IRQHandler       
0000019d  UART0_IRQHandler       
0000019d  UART1_IRQHandler       
20001000  __STACK_END            
00000100  __STACK_SIZE           
00000000  __TI_CINIT_Base        
00000000  __TI_CINIT_Limit       
00000000  __TI_CINIT_Warm        
ffffffff  __TI_pprof_out_hndl    
ffffffff  __TI_prof_data_size    
ffffffff  __TI_prof_data_start   
00000000  __TI_static_base__     
ffffffff  __binit__              
UNDEFED   __mpu_init             
20000f00  __stack                
20000000  __start___llvm_prf_bits
20000000  __start___llvm_prf_cnts
20000000  __stop___llvm_prf_bits 
20000000  __stop___llvm_prf_cnts 
00000151  _c_int00_noinit_noargs 
00000195  _system_pre_init       
00000199  abort                  
ffffffff  binit                  
00000000  interruptVectors       
000000c1  main                   


GLOBAL SYMBOLS: SORTED BY Symbol Address 

address   name                   
-------   ----                   
00000000  __TI_CINIT_Base        
00000000  __TI_CINIT_Limit       
00000000  __TI_CINIT_Warm        
00000000  __TI_static_base__     
00000000  interruptVectors       
000000c1  main                   
000000ed  SYSCFG_DL_SYSCTL_init  
00000100  __STACK_SIZE           
00000111  SYSCFG_DL_GPIO_init    
00000131  SYSCFG_DL_initPower    
00000151  _c_int00_noinit_noargs 
00000171  DL_Common_delayCycles  
00000181  SYSCFG_DL_init         
00000191  Reset_Handler          
00000195  _system_pre_init       
00000198  C$$EXIT                
00000199  abort                  
0000019d  ADC0_IRQHandler        
0000019d  DMA_IRQHandler         
0000019d  Default_Handler        
0000019d  GROUP0_IRQHandler      
0000019d  GROUP1_IRQHandler      
0000019d  HardFault_Handler      
0000019d  I2C0_IRQHandler        
0000019d  I2C1_IRQHandler        
0000019d  NMI_Handler            
0000019d  PendSV_Handler         
0000019d  SPI0_IRQHandler        
0000019d  SVC_Handler            
0000019d  SysTick_Handler        
0000019d  TIMG0_IRQHandler       
0000019d  TIMG1_IRQHandler       
0000019d  TIMG2_IRQHandler       
0000019d  TIMG4_IRQHandler       
0000019d  UART0_IRQHandler       
0000019d  UART1_IRQHandler       
20000000  __start___llvm_prf_bits
20000000  __start___llvm_prf_cnts
20000000  __stop___llvm_prf_bits 
20000000  __stop___llvm_prf_cnts 
20000f00  __stack                
20001000  __STACK_END            
ffffffff  __TI_pprof_out_hndl    
ffffffff  __TI_prof_data_size    
ffffffff  __TI_prof_data_start   
ffffffff  __binit__              
ffffffff  binit                  
UNDEFED   __mpu_init             

[48 symbols]
