******************************************************************************
            TI ARM Clang Linker PC v2.1.3                      
******************************************************************************
>> Linked Thu Apr 20 21:27:59 2023

OUTPUT FILE NAME:   <WWDT.out>
ENTRY POINT SYMBOL: "_c_int00_noinit_noargs"  address: 000002b5


MEMORY CONFIGURATION

         name            origin    length      used     unused   attr    fill
----------------------  --------  ---------  --------  --------  ----  --------
  FLASH                 00000000   0000fff8  00000370  0000fc88  R  X
  SRAM                  20000000   00001000  00000100  00000f00  RW X
  BCR_CONFIG            41c00000   00000080  00000000  00000080  R   
  BSL_CONFIG            41c00100   00000080  00000000  00000080  R   


SEGMENT ALLOCATION MAP

run origin  load origin   length   init length attrs members
----------  ----------- ---------- ----------- ----- -------
00000000    00000000    00000370   00000370    r-x
  00000000    00000000    000000c0   000000c0    r-- .intvecs
  000000c0    000000c0    00000298   00000298    r-x .text
  00000358    00000358    00000018   00000018    r-- .rodata
20000f00    20000f00    00000100   00000000    rw-
  20000f00    20000f00    00000100   00000000    rw- .stack


SECTION ALLOCATION MAP

 output                                  attributes/
section   page    origin      length       input sections
--------  ----  ----------  ----------   ----------------
.intvecs   0    00000000    000000c0     
                  00000000    000000c0     startup_mspm0l1306_ticlang.o (.intvecs)

.text      0    000000c0    00000298     
                  000000c0    00000044     driverlib.a : dl_timer.o (.text.DL_Timer_initTimerMode)
                  00000104    0000003c                 : dl_timer.o (.text.DL_Timer_setCaptureCompareCtl)
                  00000140    00000038     ti_msp_dl_config.o (.text.SYSCFG_DL_TIMER_0_init)
                  00000178    00000038     empty.o (.text.main)
                  000001b0    00000034     driverlib.a : dl_timer.o (.text.DL_Timer_setClockConfig)
                  000001e4    00000034     ti_msp_dl_config.o (.text.SYSCFG_DL_initPower)
                  00000218    0000002c     driverlib.a : dl_timer.o (.text.DL_Timer_setCaptureCompareValue)
                  00000244    00000028                 : dl_timer.o (.text.DL_Common_updateReg)
                  0000026c    00000024     ti_msp_dl_config.o (.text.SYSCFG_DL_SYSCTL_init)
                  00000290    00000024     empty.o (.text.TIMG0_IRQHandler)
                  000002b4    00000020     libc.a : boot_cortex_m.c.obj (.text:_c_int00_noinit_noargs)
                  000002d4    00000018     driverlib.a : dl_timer.o (.text.DL_Timer_setLoadValue)
                  000002ec    00000018     ti_msp_dl_config.o (.text.SYSCFG_DL_GPIO_init)
                  00000304    00000018     ti_msp_dl_config.o (.text.SYSCFG_DL_WWDT0_init)
                  0000031c    00000018     ti_msp_dl_config.o (.text.SYSCFG_DL_init)
                  00000334    00000010     driverlib.a : dl_common.o (.text.DL_Common_delayCycles)
                  00000344    00000004     startup_mspm0l1306_ticlang.o (.text.Reset_Handler)
                  00000348    00000004     libc.a : pre_init.c.obj (.text._system_pre_init)
                  0000034c    00000004            : exit.c.obj (.text:abort)
                  00000350    00000002     startup_mspm0l1306_ticlang.o (.text.Default_Handler)
                  00000352    00000006     --HOLE-- [fill = 0]

.cinit     0    00000000    00000000     

.rodata    0    00000358    00000018     
                  00000358    00000014     ti_msp_dl_config.o (.rodata.gTIMER_0TimerConfig)
                  0000036c    00000003     ti_msp_dl_config.o (.rodata.gTIMER_0ClockConfig)
                  0000036f    00000001     --HOLE-- [fill = 0]

.init_array 
*          0    00000000    00000000     UNINITIALIZED

.binit     0    00000000    00000000     

.stack     0    20000f00    00000100     UNINITIALIZED
                  20000f00    00000004     libc.a : boot_cortex_m.c.obj (.stack)
                  20000f04    000000fc     --HOLE--

__llvm_prf_cnts 
*          0    20000000    00000000     UNINITIALIZED

__llvm_prf_bits 
*          0    20000000    00000000     UNINITIALIZED

MODULE SUMMARY

       Module                         code   ro data   rw data
       ------                         ----   -------   -------
    .\
       empty.o                        92     0         0      
    +--+------------------------------+------+---------+---------+
       Total:                         92     0         0      
                                                              
    .\syscfg\
       ti_msp_dl_config.o             216    23        0      
    +--+------------------------------+------+---------+---------+
       Total:                         216    23        0      
                                                              
    .\ticlang\
       startup_mspm0l1306_ticlang.o   6      192       0      
    +--+------------------------------+------+---------+---------+
       Total:                         6      192       0      
                                                              
    C:/ti/mspm0_sdk_1_00_00_04/source/ti/driverlib/lib/ticlang/m0p/mspm0l11xx_l13xx/driverlib.a
       dl_timer.o                     288    0         0      
       dl_common.o                    16     0         0      
    +--+------------------------------+------+---------+---------+
       Total:                         304    0         0      
                                                              
    E:\ti\ccs1230\ccs\tools\compiler\ti-cgt-armllvm_2.1.3.LTS\lib\armv6m-ti-none-eabi/c/libc.a
       boot_cortex_m.c.obj            32     0         0      
       exit.c.obj                     4      0         0      
       pre_init.c.obj                 4      0         0      
    +--+------------------------------+------+---------+---------+
       Total:                         40     0         0      
                                                              
       Stack:                         0      0         256    
    +--+------------------------------+------+---------+---------+
       Grand Total:                   658    215       256    


GLOBAL SYMBOLS: SORTED ALPHABETICALLY BY Name 

address   name                           
-------   ----                           
00000351  ADC0_IRQHandler                
0000034c  C$$EXIT                        
00000335  DL_Common_delayCycles          
000000c1  DL_Timer_initTimerMode         
00000105  DL_Timer_setCaptureCompareCtl  
00000219  DL_Timer_setCaptureCompareValue
000001b1  DL_Timer_setClockConfig        
00000351  DMA_IRQHandler                 
00000351  Default_Handler                
00000351  GROUP0_IRQHandler              
00000351  GROUP1_IRQHandler              
00000351  HardFault_Handler              
00000351  I2C0_IRQHandler                
00000351  I2C1_IRQHandler                
00000351  NMI_Handler                    
00000351  PendSV_Handler                 
00000345  Reset_Handler                  
00000351  SPI0_IRQHandler                
00000351  SVC_Handler                    
000002ed  SYSCFG_DL_GPIO_init            
0000026d  SYSCFG_DL_SYSCTL_init          
00000141  SYSCFG_DL_TIMER_0_init         
00000305  SYSCFG_DL_WWDT0_init           
0000031d  SYSCFG_DL_init                 
000001e5  SYSCFG_DL_initPower            
00000351  SysTick_Handler                
00000291  TIMG0_IRQHandler               
00000351  TIMG1_IRQHandler               
00000351  TIMG2_IRQHandler               
00000351  TIMG4_IRQHandler               
00000351  UART0_IRQHandler               
00000351  UART1_IRQHandler               
20001000  __STACK_END                    
00000100  __STACK_SIZE                   
00000000  __TI_CINIT_Base                
00000000  __TI_CINIT_Limit               
00000000  __TI_CINIT_Warm                
ffffffff  __TI_pprof_out_hndl            
ffffffff  __TI_prof_data_size            
ffffffff  __TI_prof_data_start           
00000000  __TI_static_base__             
ffffffff  __binit__                      
UNDEFED   __mpu_init                     
20000f00  __stack                        
20000000  __start___llvm_prf_bits        
20000000  __start___llvm_prf_cnts        
20000000  __stop___llvm_prf_bits         
20000000  __stop___llvm_prf_cnts         
000002b5  _c_int00_noinit_noargs         
00000349  _system_pre_init               
0000034d  abort                          
ffffffff  binit                          
00000000  interruptVectors               
00000179  main                           


GLOBAL SYMBOLS: SORTED BY Symbol Address 

address   name                           
-------   ----                           
00000000  __TI_CINIT_Base                
00000000  __TI_CINIT_Limit               
00000000  __TI_CINIT_Warm                
00000000  __TI_static_base__             
00000000  interruptVectors               
000000c1  DL_Timer_initTimerMode         
00000100  __STACK_SIZE                   
00000105  DL_Timer_setCaptureCompareCtl  
00000141  SYSCFG_DL_TIMER_0_init         
00000179  main                           
000001b1  DL_Timer_setClockConfig        
000001e5  SYSCFG_DL_initPower            
00000219  DL_Timer_setCaptureCompareValue
0000026d  SYSCFG_DL_SYSCTL_init          
00000291  TIMG0_IRQHandler               
000002b5  _c_int00_noinit_noargs         
000002ed  SYSCFG_DL_GPIO_init            
00000305  SYSCFG_DL_WWDT0_init           
0000031d  SYSCFG_DL_init                 
00000335  DL_Common_delayCycles          
00000345  Reset_Handler                  
00000349  _system_pre_init               
0000034c  C$$EXIT                        
0000034d  abort                          
00000351  ADC0_IRQHandler                
00000351  DMA_IRQHandler                 
00000351  Default_Handler                
00000351  GROUP0_IRQHandler              
00000351  GROUP1_IRQHandler              
00000351  HardFault_Handler              
00000351  I2C0_IRQHandler                
00000351  I2C1_IRQHandler                
00000351  NMI_Handler                    
00000351  PendSV_Handler                 
00000351  SPI0_IRQHandler                
00000351  SVC_Handler                    
00000351  SysTick_Handler                
00000351  TIMG1_IRQHandler               
00000351  TIMG2_IRQHandler               
00000351  TIMG4_IRQHandler               
00000351  UART0_IRQHandler               
00000351  UART1_IRQHandler               
20000000  __start___llvm_prf_bits        
20000000  __start___llvm_prf_cnts        
20000000  __stop___llvm_prf_bits         
20000000  __stop___llvm_prf_cnts         
20000f00  __stack                        
20001000  __STACK_END                    
ffffffff  __TI_pprof_out_hndl            
ffffffff  __TI_prof_data_size            
ffffffff  __TI_prof_data_start           
ffffffff  __binit__                      
ffffffff  binit                          
UNDEFED   __mpu_init                     

[54 symbols]
