******************************************************************************
            TI ARM Clang Linker PC v2.1.3                      
******************************************************************************
>> Linked Thu Apr 20 21:08:11 2023

OUTPUT FILE NAME:   <TIME.out>
ENTRY POINT SYMBOL: "_c_int00_noargs"  address: 000002d1


MEMORY CONFIGURATION

         name            origin    length      used     unused   attr    fill
----------------------  --------  ---------  --------  --------  ----  --------
  FLASH                 00000000   0000fff8  000003e0  0000fc18  R  X
  SRAM                  20000000   00001000  00000101  00000eff  RW X
  BCR_CONFIG            41c00000   00000080  00000000  00000080  R   
  BSL_CONFIG            41c00100   00000080  00000000  00000080  R   


SEGMENT ALLOCATION MAP

run origin  load origin   length   init length attrs members
----------  ----------- ---------- ----------- ----- -------
00000000    00000000    000003e0   000003e0    r-x
  00000000    00000000    000000c0   000000c0    r-- .intvecs
  000000c0    000000c0    000002f0   000002f0    r-x .text
  000003b0    000003b0    00000018   00000018    r-- .rodata
  000003c8    000003c8    00000018   00000018    r-- .cinit
20000000    20000000    00000001   00000000    rw-
  20000000    20000000    00000001   00000000    rw- .bss
20000f00    20000f00    00000100   00000000    rw-
  20000f00    20000f00    00000100   00000000    rw- .stack


SECTION ALLOCATION MAP

 output                                  attributes/
section   page    origin      length       input sections
--------  ----  ----------  ----------   ----------------
.intvecs   0    00000000    000000c0     
                  00000000    000000c0     startup_mspm0l1306_ticlang.o (.intvecs)

.text      0    000000c0    000002f0     
                  000000c0    00000068     empty.o (.text.main)
                  00000128    00000044     driverlib.a : dl_timer.o (.text.DL_Timer_initTimerMode)
                  0000016c    0000003c                 : dl_timer.o (.text.DL_Timer_setCaptureCompareCtl)
                  000001a8    0000003c     libc.a : autoinit.c.obj (.text:__TI_auto_init_nobinit_nopinit)
                  000001e4    00000038     ti_msp_dl_config.o (.text.SYSCFG_DL_TIMER_0_init)
                  0000021c    00000034     driverlib.a : dl_timer.o (.text.DL_Timer_setClockConfig)
                  00000250    0000002c                 : dl_timer.o (.text.DL_Timer_setCaptureCompareValue)
                  0000027c    0000002c     ti_msp_dl_config.o (.text.SYSCFG_DL_initPower)
                  000002a8    00000028     driverlib.a : dl_timer.o (.text.DL_Common_updateReg)
                  000002d0    00000028     libc.a : boot_cortex_m.c.obj (.text:_c_int00_noargs)
                  000002f8    00000024     ti_msp_dl_config.o (.text.SYSCFG_DL_SYSCTL_init)
                  0000031c    0000001c     empty.o (.text.TIMG0_IRQHandler)
                  00000338    00000018     driverlib.a : dl_timer.o (.text.DL_Timer_setLoadValue)
                  00000350    00000018     ti_msp_dl_config.o (.text.SYSCFG_DL_GPIO_init)
                  00000368    00000014     ti_msp_dl_config.o (.text.SYSCFG_DL_init)
                  0000037c    00000014     libc.a : copy_zero_init.c.obj (.text:decompress:ZI:__TI_zero_init_nomemset)
                  00000390    00000010     driverlib.a : dl_common.o (.text.DL_Common_delayCycles)
                  000003a0    00000004     startup_mspm0l1306_ticlang.o (.text.Reset_Handler)
                  000003a4    00000004     libc.a : pre_init.c.obj (.text._system_pre_init)
                  000003a8    00000004            : exit.c.obj (.text:abort)
                  000003ac    00000002     startup_mspm0l1306_ticlang.o (.text.Default_Handler)
                  000003ae    00000002     --HOLE-- [fill = 0]

.cinit     0    000003c8    00000018     
                  000003c8    00000008     (.cinit..bss.load) [load image, compression = zero_init]
                  000003d0    00000004     (__TI_handler_table)
                  000003d4    00000008     (__TI_cinit_table)
                  000003dc    00000004     --HOLE-- [fill = 0]

.rodata    0    000003b0    00000018     
                  000003b0    00000014     ti_msp_dl_config.o (.rodata.gTIMER_0TimerConfig)
                  000003c4    00000003     ti_msp_dl_config.o (.rodata.gTIMER_0ClockConfig)
                  000003c7    00000001     --HOLE-- [fill = 0]

.init_array 
*          0    00000000    00000000     UNINITIALIZED

.binit     0    00000000    00000000     

.bss       0    20000000    00000001     UNINITIALIZED
                  20000000    00000001     (.common:gBlinkLED)

.stack     0    20000f00    00000100     UNINITIALIZED
                  20000f00    00000004     libc.a : boot_cortex_m.c.obj (.stack)
                  20000f04    000000fc     --HOLE--

__llvm_prf_cnts 
*          0    20000000    00000000     UNINITIALIZED

__llvm_prf_bits 
*          0    20000000    00000000     UNINITIALIZED

MODULE SUMMARY

       Module                         code   ro data   rw data
       ------                         ----   -------   -------
    .\
       empty.o                        132    0         1      
    +--+------------------------------+------+---------+---------+
       Total:                         132    0         1      
                                                              
    .\syscfg\
       ti_msp_dl_config.o             180    23        0      
    +--+------------------------------+------+---------+---------+
       Total:                         180    23        0      
                                                              
    .\ticlang\
       startup_mspm0l1306_ticlang.o   6      192       0      
    +--+------------------------------+------+---------+---------+
       Total:                         6      192       0      
                                                              
    C:/ti/mspm0_sdk_1_00_00_04/source/ti/driverlib/lib/ticlang/m0p/mspm0l11xx_l13xx/driverlib.a
       dl_timer.o                     288    0         0      
       dl_common.o                    16     0         0      
    +--+------------------------------+------+---------+---------+
       Total:                         304    0         0      
                                                              
    E:\ti\ccs1230\ccs\tools\compiler\ti-cgt-armllvm_2.1.3.LTS\lib\armv6m-ti-none-eabi/c/libc.a
       autoinit.c.obj                 60     0         0      
       boot_cortex_m.c.obj            40     0         0      
       copy_zero_init.c.obj           20     0         0      
       exit.c.obj                     4      0         0      
       pre_init.c.obj                 4      0         0      
    +--+------------------------------+------+---------+---------+
       Total:                         128    0         0      
                                                              
       Stack:                         0      0         256    
       Linker Generated:              0      20        0      
    +--+------------------------------+------+---------+---------+
       Grand Total:                   750    235       257    


LINKER GENERATED COPY TABLES

__TI_cinit_table @ 000003d4 records: 1, size/record: 8, table size: 8
	.bss: load addr=000003c8, load size=00000008 bytes, run addr=20000000, run size=00000001 bytes, compression=zero_init


LINKER GENERATED HANDLER TABLE

__TI_handler_table @ 000003d0 records: 1, size/record: 4, table size: 4
	index: 0, handler: __TI_zero_init


GLOBAL SYMBOLS: SORTED ALPHABETICALLY BY Name 

address   name                           
-------   ----                           
000003ad  ADC0_IRQHandler                
000003a8  C$$EXIT                        
00000391  DL_Common_delayCycles          
00000129  DL_Timer_initTimerMode         
0000016d  DL_Timer_setCaptureCompareCtl  
00000251  DL_Timer_setCaptureCompareValue
0000021d  DL_Timer_setClockConfig        
000003ad  DMA_IRQHandler                 
000003ad  Default_Handler                
000003ad  GROUP0_IRQHandler              
000003ad  GROUP1_IRQHandler              
000003ad  HardFault_Handler              
000003ad  I2C0_IRQHandler                
000003ad  I2C1_IRQHandler                
000003ad  NMI_Handler                    
000003ad  PendSV_Handler                 
000003a1  Reset_Handler                  
000003ad  SPI0_IRQHandler                
000003ad  SVC_Handler                    
00000351  SYSCFG_DL_GPIO_init            
000002f9  SYSCFG_DL_SYSCTL_init          
000001e5  SYSCFG_DL_TIMER_0_init         
00000369  SYSCFG_DL_init                 
0000027d  SYSCFG_DL_initPower            
000003ad  SysTick_Handler                
0000031d  TIMG0_IRQHandler               
000003ad  TIMG1_IRQHandler               
000003ad  TIMG2_IRQHandler               
000003ad  TIMG4_IRQHandler               
000003ad  UART0_IRQHandler               
000003ad  UART1_IRQHandler               
20001000  __STACK_END                    
00000100  __STACK_SIZE                   
000003d4  __TI_CINIT_Base                
000003dc  __TI_CINIT_Limit               
000003dc  __TI_CINIT_Warm                
000003d0  __TI_Handler_Table_Base        
000003d4  __TI_Handler_Table_Limit       
000001a9  __TI_auto_init_nobinit_nopinit 
ffffffff  __TI_pprof_out_hndl            
ffffffff  __TI_prof_data_size            
ffffffff  __TI_prof_data_start           
00000000  __TI_static_base__             
0000037d  __TI_zero_init_nomemset        
ffffffff  __binit__                      
UNDEFED   __mpu_init                     
20000f00  __stack                        
20000000  __start___llvm_prf_bits        
20000000  __start___llvm_prf_cnts        
20000000  __stop___llvm_prf_bits         
20000000  __stop___llvm_prf_cnts         
000002d1  _c_int00_noargs                
UNDEFED   _system_post_cinit             
000003a5  _system_pre_init               
000003a9  abort                          
ffffffff  binit                          
20000000  gBlinkLED                      
00000000  interruptVectors               
000000c1  main                           


GLOBAL SYMBOLS: SORTED BY Symbol Address 

address   name                           
-------   ----                           
00000000  __TI_static_base__             
00000000  interruptVectors               
000000c1  main                           
00000100  __STACK_SIZE                   
00000129  DL_Timer_initTimerMode         
0000016d  DL_Timer_setCaptureCompareCtl  
000001a9  __TI_auto_init_nobinit_nopinit 
000001e5  SYSCFG_DL_TIMER_0_init         
0000021d  DL_Timer_setClockConfig        
00000251  DL_Timer_setCaptureCompareValue
0000027d  SYSCFG_DL_initPower            
000002d1  _c_int00_noargs                
000002f9  SYSCFG_DL_SYSCTL_init          
0000031d  TIMG0_IRQHandler               
00000351  SYSCFG_DL_GPIO_init            
00000369  SYSCFG_DL_init                 
0000037d  __TI_zero_init_nomemset        
00000391  DL_Common_delayCycles          
000003a1  Reset_Handler                  
000003a5  _system_pre_init               
000003a8  C$$EXIT                        
000003a9  abort                          
000003ad  ADC0_IRQHandler                
000003ad  DMA_IRQHandler                 
000003ad  Default_Handler                
000003ad  GROUP0_IRQHandler              
000003ad  GROUP1_IRQHandler              
000003ad  HardFault_Handler              
000003ad  I2C0_IRQHandler                
000003ad  I2C1_IRQHandler                
000003ad  NMI_Handler                    
000003ad  PendSV_Handler                 
000003ad  SPI0_IRQHandler                
000003ad  SVC_Handler                    
000003ad  SysTick_Handler                
000003ad  TIMG1_IRQHandler               
000003ad  TIMG2_IRQHandler               
000003ad  TIMG4_IRQHandler               
000003ad  UART0_IRQHandler               
000003ad  UART1_IRQHandler               
000003d0  __TI_Handler_Table_Base        
000003d4  __TI_CINIT_Base                
000003d4  __TI_Handler_Table_Limit       
000003dc  __TI_CINIT_Limit               
000003dc  __TI_CINIT_Warm                
20000000  __start___llvm_prf_bits        
20000000  __start___llvm_prf_cnts        
20000000  __stop___llvm_prf_bits         
20000000  __stop___llvm_prf_cnts         
20000000  gBlinkLED                      
20000f00  __stack                        
20001000  __STACK_END                    
ffffffff  __TI_pprof_out_hndl            
ffffffff  __TI_prof_data_size            
ffffffff  __TI_prof_data_start           
ffffffff  __binit__                      
ffffffff  binit                          
UNDEFED   __mpu_init                     
UNDEFED   _system_post_cinit             

[59 symbols]
