******************************************************************************
            TI ARM Clang Linker PC v2.1.3                      
******************************************************************************
>> Linked Thu Apr 20 21:02:16 2023

OUTPUT FILE NAME:   <PWM.out>
ENTRY POINT SYMBOL: "_c_int00_noargs"  address: 00000569


MEMORY CONFIGURATION

         name            origin    length      used     unused   attr    fill
----------------------  --------  ---------  --------  --------  ----  --------
  FLASH                 00000000   0000fff8  00000680  0000f978  R  X
  SRAM                  20000000   00001000  0000010c  00000ef4  RW X
  BCR_CONFIG            41c00000   00000080  00000000  00000080  R   
  BSL_CONFIG            41c00100   00000080  00000000  00000080  R   


SEGMENT ALLOCATION MAP

run origin  load origin   length   init length attrs members
----------  ----------- ---------- ----------- ----- -------
00000000    00000000    00000680   00000680    r-x
  00000000    00000000    000000c0   000000c0    r-- .intvecs
  000000c0    000000c0    00000590   00000590    r-x .text
  00000650    00000650    00000010   00000010    r-- .rodata
  00000660    00000660    00000020   00000020    r-- .cinit
20000000    20000000    0000000c   00000000    rw-
  20000000    20000000    0000000c   00000000    rw- .data
20000f00    20000f00    00000100   00000000    rw-
  20000f00    20000f00    00000100   00000000    rw- .stack


SECTION ALLOCATION MAP

 output                                  attributes/
section   page    origin      length       input sections
--------  ----  ----------  ----------   ----------------
.intvecs   0    00000000    000000c0     
                  00000000    000000c0     startup_mspm0l1306_ticlang.o (.intvecs)

.text      0    000000c0    00000590     
                  000000c0    000000d4     driverlib.a : dl_timer.o (.text.DL_Timer_initPWMMode)
                  00000194    0000009a     libc.a : memcpy16.S.obj (.text:memcpy)
                  0000022e    00000002     startup_mspm0l1306_ticlang.o (.text.Default_Handler)
                  00000230    00000068     libc.a : copy_decompress_lzss.c.obj (.text:decompress:lzss)
                  00000298    00000064     ti_msp_dl_config.o (.text.SYSCFG_DL_PWM_0_init)
                  000002fc    00000064     empty.o (.text.TIMG0_IRQHandler)
                  00000360    00000040     driverlib.a : dl_timer.o (.text.DL_Timer_setCaptureCompareOutCtl)
                  000003a0    0000003c                 : dl_timer.o (.text.DL_Timer_setCaptureCompareCtl)
                  000003dc    0000003c     libc.a : autoinit.c.obj (.text:__TI_auto_init_nobinit_nopinit)
                  00000418    00000034     driverlib.a : dl_timer.o (.text.DL_Timer_setCaptCompUpdateMethod)
                  0000044c    00000034                 : dl_timer.o (.text.DL_Timer_setCaptureCompareAction)
                  00000480    00000034                 : dl_timer.o (.text.DL_Timer_setCaptureCompareInput)
                  000004b4    00000034                 : dl_timer.o (.text.DL_Timer_setClockConfig)
                  000004e8    0000002c                 : dl_timer.o (.text.DL_Timer_setCaptureCompareValue)
                  00000514    0000002c     ti_msp_dl_config.o (.text.SYSCFG_DL_initPower)
                  00000540    00000028     driverlib.a : dl_timer.o (.text.DL_Common_updateReg)
                  00000568    00000028     libc.a : boot_cortex_m.c.obj (.text:_c_int00_noargs)
                  00000590    00000024     ti_msp_dl_config.o (.text.SYSCFG_DL_SYSCTL_init)
                  000005b4    00000020     empty.o (.text.main)
                  000005d4    00000018     driverlib.a : dl_timer.o (.text.DL_Timer_setLoadValue)
                  000005ec    00000018     ti_msp_dl_config.o (.text.SYSCFG_DL_GPIO_init)
                  00000604    00000014     ti_msp_dl_config.o (.text.SYSCFG_DL_init)
                  00000618    00000012     libc.a : copy_decompress_none.c.obj (.text:decompress:none)
                  0000062a    00000010     driverlib.a : dl_common.o (.text.DL_Common_delayCycles)
                  0000063a    00000002     --HOLE-- [fill = 0]
                  0000063c    00000008     libclang_rt.builtins.a : aeabi_memcpy.S.obj (.text)
                  00000644    00000004     startup_mspm0l1306_ticlang.o (.text.Reset_Handler)
                  00000648    00000004     libc.a : pre_init.c.obj (.text._system_pre_init)
                  0000064c    00000004            : exit.c.obj (.text:abort)

.cinit     0    00000660    00000020     
                  00000660    0000000f     (.cinit..data.load) [load image, compression = lzss]
                  0000066f    00000001     --HOLE-- [fill = 0]
                  00000670    00000008     (__TI_handler_table)
                  00000678    00000008     (__TI_cinit_table)

.rodata    0    00000650    00000010     
                  00000650    00000008     ti_msp_dl_config.o (.rodata.gPWM_0Config)
                  00000658    00000003     ti_msp_dl_config.o (.rodata.gPWM_0ClockConfig)
                  0000065b    00000005     --HOLE-- [fill = 0]

.init_array 
*          0    00000000    00000000     UNINITIALIZED

.binit     0    00000000    00000000     

.data      0    20000000    0000000c     UNINITIALIZED
                  20000000    00000004     empty.o (.data.dc)
                  20000004    00000004     empty.o (.data.mode)
                  20000008    00000004     empty.o (.data.pwm_count)

.stack     0    20000f00    00000100     UNINITIALIZED
                  20000f00    00000004     libc.a : boot_cortex_m.c.obj (.stack)
                  20000f04    000000fc     --HOLE--

__llvm_prf_cnts 
*          0    20000000    00000000     UNINITIALIZED

__llvm_prf_bits 
*          0    20000000    00000000     UNINITIALIZED

MODULE SUMMARY

       Module                         code   ro data   rw data
       ------                         ----   -------   -------
    .\
       empty.o                        132    0         12     
    +--+------------------------------+------+---------+---------+
       Total:                         132    0         12     
                                                              
    .\syscfg\
       ti_msp_dl_config.o             224    11        0      
    +--+------------------------------+------+---------+---------+
       Total:                         224    11        0      
                                                              
    .\ticlang\
       startup_mspm0l1306_ticlang.o   6      192       0      
    +--+------------------------------+------+---------+---------+
       Total:                         6      192       0      
                                                              
    C:/ti/mspm0_sdk_1_00_00_04/source/ti/driverlib/lib/ticlang/m0p/mspm0l11xx_l13xx/driverlib.a
       dl_timer.o                     652    0         0      
       dl_common.o                    16     0         0      
    +--+------------------------------+------+---------+---------+
       Total:                         668    0         0      
                                                              
    E:\ti\ccs1230\ccs\tools\compiler\ti-cgt-armllvm_2.1.3.LTS\lib\armv6m-ti-none-eabi/c/libc.a
       memcpy16.S.obj                 154    0         0      
       copy_decompress_lzss.c.obj     104    0         0      
       autoinit.c.obj                 60     0         0      
       boot_cortex_m.c.obj            40     0         0      
       copy_decompress_none.c.obj     18     0         0      
       exit.c.obj                     4      0         0      
       pre_init.c.obj                 4      0         0      
    +--+------------------------------+------+---------+---------+
       Total:                         384    0         0      
                                                              
    E:\ti\ccs1230\ccs\tools\compiler\ti-cgt-armllvm_2.1.3.LTS\lib\clang/14.0.6/lib/armv6m-ti-none-eabi/libclang_rt.builtins.a
       aeabi_memcpy.S.obj             8      0         0      
    +--+------------------------------+------+---------+---------+
       Total:                         8      0         0      
                                                              
       Stack:                         0      0         256    
       Linker Generated:              0      31        0      
    +--+------------------------------+------+---------+---------+
       Grand Total:                   1422   234       268    


LINKER GENERATED COPY TABLES

__TI_cinit_table @ 00000678 records: 1, size/record: 8, table size: 8
	.data: load addr=00000660, load size=0000000f bytes, run addr=20000000, run size=0000000c bytes, compression=lzss


LINKER GENERATED HANDLER TABLE

__TI_handler_table @ 00000670 records: 2, size/record: 4, table size: 8
	index: 0, handler: __TI_decompress_lzss
	index: 1, handler: __TI_decompress_none


GLOBAL SYMBOLS: SORTED ALPHABETICALLY BY Name 

address   name                            
-------   ----                            
0000022f  ADC0_IRQHandler                 
0000064c  C$$EXIT                         
0000062b  DL_Common_delayCycles           
000000c1  DL_Timer_initPWMMode            
00000419  DL_Timer_setCaptCompUpdateMethod
0000044d  DL_Timer_setCaptureCompareAction
000003a1  DL_Timer_setCaptureCompareCtl   
00000481  DL_Timer_setCaptureCompareInput 
00000361  DL_Timer_setCaptureCompareOutCtl
000004e9  DL_Timer_setCaptureCompareValue 
000004b5  DL_Timer_setClockConfig         
0000022f  DMA_IRQHandler                  
0000022f  Default_Handler                 
0000022f  GROUP0_IRQHandler               
0000022f  GROUP1_IRQHandler               
0000022f  HardFault_Handler               
0000022f  I2C0_IRQHandler                 
0000022f  I2C1_IRQHandler                 
0000022f  NMI_Handler                     
0000022f  PendSV_Handler                  
00000645  Reset_Handler                   
0000022f  SPI0_IRQHandler                 
0000022f  SVC_Handler                     
000005ed  SYSCFG_DL_GPIO_init             
00000299  SYSCFG_DL_PWM_0_init            
00000591  SYSCFG_DL_SYSCTL_init           
00000605  SYSCFG_DL_init                  
00000515  SYSCFG_DL_initPower             
0000022f  SysTick_Handler                 
000002fd  TIMG0_IRQHandler                
0000022f  TIMG1_IRQHandler                
0000022f  TIMG2_IRQHandler                
0000022f  TIMG4_IRQHandler                
0000022f  UART0_IRQHandler                
0000022f  UART1_IRQHandler                
20001000  __STACK_END                     
00000100  __STACK_SIZE                    
00000678  __TI_CINIT_Base                 
00000680  __TI_CINIT_Limit                
00000680  __TI_CINIT_Warm                 
00000670  __TI_Handler_Table_Base         
00000678  __TI_Handler_Table_Limit        
000003dd  __TI_auto_init_nobinit_nopinit  
00000231  __TI_decompress_lzss            
00000619  __TI_decompress_none            
ffffffff  __TI_pprof_out_hndl             
ffffffff  __TI_prof_data_size             
ffffffff  __TI_prof_data_start            
00000000  __TI_static_base__              
0000063d  __aeabi_memcpy                  
0000063d  __aeabi_memcpy4                 
0000063d  __aeabi_memcpy8                 
ffffffff  __binit__                       
UNDEFED   __mpu_init                      
20000f00  __stack                         
20000000  __start___llvm_prf_bits         
20000000  __start___llvm_prf_cnts         
20000000  __stop___llvm_prf_bits          
20000000  __stop___llvm_prf_cnts          
00000569  _c_int00_noargs                 
UNDEFED   _system_post_cinit              
00000649  _system_pre_init                
0000064d  abort                           
ffffffff  binit                           
20000000  dc                              
00000000  interruptVectors                
000005b5  main                            
00000195  memcpy                          
20000004  mode                            
20000008  pwm_count                       


GLOBAL SYMBOLS: SORTED BY Symbol Address 

address   name                            
-------   ----                            
00000000  __TI_static_base__              
00000000  interruptVectors                
000000c1  DL_Timer_initPWMMode            
00000100  __STACK_SIZE                    
00000195  memcpy                          
0000022f  ADC0_IRQHandler                 
0000022f  DMA_IRQHandler                  
0000022f  Default_Handler                 
0000022f  GROUP0_IRQHandler               
0000022f  GROUP1_IRQHandler               
0000022f  HardFault_Handler               
0000022f  I2C0_IRQHandler                 
0000022f  I2C1_IRQHandler                 
0000022f  NMI_Handler                     
0000022f  PendSV_Handler                  
0000022f  SPI0_IRQHandler                 
0000022f  SVC_Handler                     
0000022f  SysTick_Handler                 
0000022f  TIMG1_IRQHandler                
0000022f  TIMG2_IRQHandler                
0000022f  TIMG4_IRQHandler                
0000022f  UART0_IRQHandler                
0000022f  UART1_IRQHandler                
00000231  __TI_decompress_lzss            
00000299  SYSCFG_DL_PWM_0_init            
000002fd  TIMG0_IRQHandler                
00000361  DL_Timer_setCaptureCompareOutCtl
000003a1  DL_Timer_setCaptureCompareCtl   
000003dd  __TI_auto_init_nobinit_nopinit  
00000419  DL_Timer_setCaptCompUpdateMethod
0000044d  DL_Timer_setCaptureCompareAction
00000481  DL_Timer_setCaptureCompareInput 
000004b5  DL_Timer_setClockConfig         
000004e9  DL_Timer_setCaptureCompareValue 
00000515  SYSCFG_DL_initPower             
00000569  _c_int00_noargs                 
00000591  SYSCFG_DL_SYSCTL_init           
000005b5  main                            
000005ed  SYSCFG_DL_GPIO_init             
00000605  SYSCFG_DL_init                  
00000619  __TI_decompress_none            
0000062b  DL_Common_delayCycles           
0000063d  __aeabi_memcpy                  
0000063d  __aeabi_memcpy4                 
0000063d  __aeabi_memcpy8                 
00000645  Reset_Handler                   
00000649  _system_pre_init                
0000064c  C$$EXIT                         
0000064d  abort                           
00000670  __TI_Handler_Table_Base         
00000678  __TI_CINIT_Base                 
00000678  __TI_Handler_Table_Limit        
00000680  __TI_CINIT_Limit                
00000680  __TI_CINIT_Warm                 
20000000  __start___llvm_prf_bits         
20000000  __start___llvm_prf_cnts         
20000000  __stop___llvm_prf_bits          
20000000  __stop___llvm_prf_cnts          
20000000  dc                              
20000004  mode                            
20000008  pwm_count                       
20000f00  __stack                         
20001000  __STACK_END                     
ffffffff  __TI_pprof_out_hndl             
ffffffff  __TI_prof_data_size             
ffffffff  __TI_prof_data_start            
ffffffff  __binit__                       
ffffffff  binit                           
UNDEFED   __mpu_init                      
UNDEFED   _system_post_cinit              

[70 symbols]
